Super
inode_region_addr 3
inode_region_len 1
num_inodes 32
data_region_addr 4
data_region_len 32
num_data 32

Inode bitmap
15 0 0 0 

Data bitmap
15 0 0 0 
