Super
inode_region_addr 3
inode_region_len 2
num_inodes 64
data_region_addr 5
data_region_len 128
num_data 128

Inode bitmap
255 255 255 255 255 255 15 0 

Data bitmap
255 255 255 255 255 255 31 0 0 0 0 0 0 0 0 0 
